exp: fig3a
version: 630
conditions: 86
n_pairs: 86
n_pairs_ge_0p5Hz: 72
pearson_r: 0.9993656108855932
frac_abs_z_gt3: 0.013888888888888888
n_abs_z_gt3: 1
n_abs_z_gt4: 0
total_rate_rel_diff: -0.0009377109849716403
median_abs_rel_diff_top: 0.01715294934928873
[2026-09-22 23:39:51] INÍCIO fig1d --version 783 --workers 10
AVISO: 1 IDs não existem na v783 e foram removidos: [720575940620900446]...
ok: /home/sine/terrario-virtual/runs/phase1/783/fig1d.parquet (227 s)
[2026-09-22 23:43:38] FIM (0) fig1d --version 783 --workers 10
[2026-09-22 23:43:38] INÍCIO fig1e --version 630 --workers 10 --freqs 25
ok: /home/sine/terrario-virtual/runs/phase1/630/fig1e_25.parquet (155 s)
[2026-09-22 23:46:13] FIM (0) fig1e --version 630 --workers 10 --freqs 25
[2026-09-22 23:46:13] INÍCIO fig1e --version 630 --workers 10 --freqs 50
ok: /home/sine/terrario-virtual/runs/phase1/630/fig1e_50.parquet (263 s)
[2026-09-22 23:50:36] FIM (0) fig1e --version 630 --workers 10 --freqs 50
[2026-09-22 23:50:36] INÍCIO fig1e --version 630 --workers 10 --freqs 75
ok: /home/sine/terrario-virtual/runs/phase1/630/fig1e_75.parquet (420 s)
[2026-09-22 23:57:36] FIM (0) fig1e --version 630 --workers 10 --freqs 75
[2026-09-22 23:57:36] INÍCIO fig1e --version 630 --workers 10 --freqs 100
ok: /home/sine/terrario-virtual/runs/phase1/630/fig1e_100.parquet (538 s)
[2026-09-23 00:06:35] FIM (0) fig1e --version 630 --workers 10 --freqs 100
[2026-09-23 00:06:35] INÍCIO fig1e --version 630 --workers 10 --freqs 125
ok: /home/sine/terrario-virtual/runs/phase1/630/fig1e_125.parquet (655 s)
[2026-09-23 00:17:30] FIM (0) fig1e --version 630 --workers 10 --freqs 125
[2026-09-23 00:17:30] INÍCIO fig1e --version 630 --workers 10 --freqs 150
ok: /home/sine/terrario-virtual/runs/phase1/630/fig1e_150.parquet (774 s)
[2026-09-23 00:30:25] FIM (0) fig1e --version 630 --workers 10 --freqs 150
[2026-09-23 00:30:25] INÍCIO fig1e --version 630 --workers 10 --freqs 175
ok: /home/sine/terrario-virtual/runs/phase1/630/fig1e_175.parquet (853 s)
[2026-09-23 00:44:38] FIM (0) fig1e --version 630 --workers 10 --freqs 175
[2026-09-23 00:44:38] INÍCIO fig1e --version 630 --workers 10 --freqs 200
ok: /home/sine/terrario-virtual/runs/phase1/630/fig1e_200.parquet (916 s)
[2026-09-23 00:59:54] FIM (0) fig1e --version 630 --workers 10 --freqs 200
exp: fig1e
version: 630
conditions: 368
n_pairs: 368
n_pairs_ge_0p5Hz: 322
pearson_r: 0.9992470414104286
frac_abs_z_gt3: 0.012422360248447204
n_abs_z_gt3: 4
n_abs_z_gt4: 0
total_rate_rel_diff: 0.0022052063639446118
median_abs_rel_diff_top: 0.019440124416796323
[2026-09-23 00:59:55] INÍCIO fig1f --version 630 --workers 10 --freqs 50
ok: /home/sine/terrario-virtual/runs/phase1/630/fig1f_50.parquet (1115 s)
[2026-09-23 01:18:30] FIM (0) fig1f --version 630 --workers 10 --freqs 50
[2026-09-23 01:18:30] INÍCIO fig1f --version 630 --workers 10 --freqs 60
ok: /home/sine/terrario-virtual/runs/phase1/630/fig1f_60.parquet (1640 s)
[2026-09-23 01:45:51] FIM (0) fig1f --version 630 --workers 10 --freqs 60
[2026-09-23 01:45:51] INÍCIO fig1f --version 630 --workers 10 --freqs 70
ok: /home/sine/terrario-virtual/runs/phase1/630/fig1f_70.parquet (2074 s)
[2026-09-23 02:20:25] FIM (0) fig1f --version 630 --workers 10 --freqs 70
[2026-09-23 02:20:25] INÍCIO fig1f --version 630 --workers 10 --freqs 80
ok: /home/sine/terrario-virtual/runs/phase1/630/fig1f_80.parquet (2326 s)
[2026-09-23 02:59:12] FIM (0) fig1f --version 630 --workers 10 --freqs 80
[2026-09-23 02:59:12] INÍCIO fig1f --version 630 --workers 10 --freqs 90
ok: /home/sine/terrario-virtual/runs/phase1/630/fig1f_90.parquet (2517 s)
[2026-09-23 03:41:10] FIM (0) fig1f --version 630 --workers 10 --freqs 90
[2026-09-23 03:41:10] INÍCIO fig1f --version 630 --workers 10 --freqs 100
ok: /home/sine/terrario-virtual/runs/phase1/630/fig1f_100.parquet (2711 s)
[2026-09-23 04:26:21] FIM (0) fig1f --version 630 --workers 10 --freqs 100
[2026-09-23 04:26:21] INÍCIO fig1f --version 630 --workers 10 --freqs 110
ok: /home/sine/terrario-virtual/runs/phase1/630/fig1f_110.parquet (2822 s)
[2026-09-23 05:13:23] FIM (0) fig1f --version 630 --workers 10 --freqs 110
[2026-09-23 05:13:23] INÍCIO fig1f --version 630 --workers 10 --freqs 120
ok: /home/sine/terrario-virtual/runs/phase1/630/fig1f_120.parquet (2965 s)
[2026-09-23 06:02:49] FIM (0) fig1f --version 630 --workers 10 --freqs 120
exp: fig1f
version: 630
conditions: 1600
n_pairs: 1600
n_pairs_ge_0p5Hz: 1600
pearson_r: 0.9971960188779417
frac_abs_z_gt3: 0.005
n_abs_z_gt3: 8
n_abs_z_gt4: 0
total_rate_rel_diff: 0.0006985784749218293
median_abs_rel_diff_top: 0.015319160031985546
[2026-09-23 06:02:50] FILA CONCLUÍDA
